go : go: downloading github.com/davecgh/go-spew v1.1.2-0.20180830191138-d8f796a
f33cc
所在位置 行:1 字符: 1
+ go test ./internal/api/... ./internal/reliability/... ./internal/virt ...
+ ~~~~~~~~~~~~~~~~~~~~~~~~~~~~~~~~~~~~~~~~~~~~~~~~~~~~~~~~~~~~~~~~~~~~~
    + CategoryInfo          : NotSpecified: (go: downloading...38-d8f796af33cc 
   :String) [], RemoteException
    + FullyQualifiedErrorId : NativeCommandError
 
go: downloading github.com/pmezard/go-difflib v1.0.1-0.20181226105442-5d4384ee4
fb2
=== RUN   TestListVariants_Success
--- PASS: TestListVariants_Success (0.00s)
=== RUN   TestGetVariant_Exists
--- PASS: TestGetVariant_Exists (0.00s)
=== RUN   TestGetVariant_NotFound
--- PASS: TestGetVariant_NotFound (0.00s)
=== RUN   TestCompareVariants_ThreeVariants
--- PASS: TestCompareVariants_ThreeVariants (0.00s)
=== RUN   TestCompareVariants_EmptyBody
--- PASS: TestCompareVariants_EmptyBody (0.00s)
=== RUN   TestCompareVariants_AllInvalidCodes
--- PASS: TestCompareVariants_AllInvalidCodes (0.00s)
=== RUN   TestCompareVariants_PartialValid
--- PASS: TestCompareVariants_PartialValid (0.00s)
=== RUN   TestCompareVariants_FireRateAssertion
--- PASS: TestCompareVariants_FireRateAssertion (0.00s)
=== RUN   TestListModernFirearms_Success
--- PASS: TestListModernFirearms_Success (0.00s)
=== RUN   TestCompareEraFirearms_FullComparison
    variant_controller_test.go:372: 灏勯€熷樊璺濆€嶆暟: 19.05
    variant_controller_test.go:378: 灏勭▼宸窛鍊嶆暟: 2.67
--- PASS: TestCompareEraFirearms_FullComparison (0.00s)
=== RUN   TestCompareEraFirearms_EmptyBody
--- PASS: TestCompareEraFirearms_EmptyBody (0.00s)
=== RUN   TestCompareEraFirearms_BothEmpty
--- PASS: TestCompareEraFirearms_BothEmpty (0.00s)
=== RUN   TestCompareEraFirearms_ModernInvalid
--- PASS: TestCompareEraFirearms_ModernInvalid (0.00s)
=== RUN   TestFirearmPresets_Ak47vsZhugeRateGap
    variant_controller_test.go:459: 璇歌憶寮╁皠閫?10.5 鍙?鍒? AK-47瀹炴垬灏勯€?100 鍙?鍒?    variant_controller_test.go:463: 鎶€鏈繘姝ュ€嶆暟: 9.52 鍊?(1700骞磋法搴?
--- PASS: TestFirearmPresets_Ak47vsZhugeRateGap (0.00s)
=== RUN   TestFirearmPresets_M249vsSanGongFireDensity
    variant_controller_test.go:484: 涓夊紦寮╁皠閫? 1.5 鍙?鍒? M249: 200 鍙?鍒? 宸窛: 133鍊?    variant_controller_test.go:493: 10鍒嗛挓鎴樻枟 涓夊紦寮? 15鍙?vs M249: 340鍙? 鎬诲脊閲忓樊璺? 23鍊?--- PASS: TestFirearmPresets_M249vsSanGongFireDensity (0.00s)
=== RUN   TestGetPerformanceMetric_AllKeys
--- PASS: TestGetPerformanceMetric_AllKeys (0.00s)
=== RUN   TestIsHigherBetter
--- PASS: TestIsHigherBetter (0.00s)
=== RUN   TestGetMetricLabel
--- PASS: TestGetMetricLabel (0.00s)
=== RUN   TestCrossbowPresets_AllFieldsPopulated
--- PASS: TestCrossbowPresets_AllFieldsPopulated (0.00s)
=== RUN   TestModernFirearmPresets_AllFieldsPopulated
--- PASS: TestModernFirearmPresets_AllFieldsPopulated (0.00s)
=== RUN   TestReliabilityCurve_MathValid
    variant_controller_test.go:590: 
        	Error Trace:	D:/SOLO-2/AI_solo_coder_task_B_143/backend/internal/api/variant_controller_test.go:590
        	Error:      	"17533.001872622026" is not greater than "500000"
        	Test:       	TestReliabilityCurve_MathValid
        	Messages:   	p鈮?鏃跺簲缁欏嚭鏋佸ぇ鍊?    variant_controller_test.go:590: 
        	Error Trace:	D:/SOLO-2/AI_solo_coder_task_B_143/backend/internal/api/variant_controller_test.go:590
        	Error:      	"1753.3001872622028" is not greater than "50000"
        	Test:       	TestReliabilityCurve_MathValid
        	Messages:   	p鈮?鏃跺簲缁欏嚭鏋佸ぇ鍊?    variant_controller_test.go:590: 
        	Error Trace:	D:/SOLO-2/AI_solo_coder_task_B_143/backend/internal/api/variant_controller_test.go:590
        	Error:      	"1753.3001872622028" is not greater than "50000"
        	Test:       	TestReliabilityCurve_MathValid
        	Messages:   	p鈮?鏃跺簲缁欏嚭鏋佸ぇ鍊?--- FAIL: TestReliabilityCurve_MathValid (0.00s)
FAIL
FAIL	crossbow-simulation/backend/internal/api	2.140s
=== RUN   TestAnalyze_ZhugeMagazine_StandardShots
    magazine_analysis_test.go:31: 璇歌憶寮╁脊瀹?0鍙戯紝10000鍙戞祴璇曪細鍗″脊 5 娆★紝鍗″脊鐜?0.000500 (0.0500%)
    magazine_analysis_test.go:42: MTBF: 2000 鍙? 0.40 灏忔椂
    magazine_analysis_test.go:47: 95%CI: [1998, 2002]
--- PASS: TestAnalyze_ZhugeMagazine_StandardShots (0.00s)
=== RUN   TestAnalyze_SanGong_SingleShotMagazine
    magazine_analysis_test.go:79: 涓夊紦寮╁崟鍙戝脊瀹瑰垎鏋? 鍗″脊 16, MTBF 625 鍙?--- PASS: TestAnalyze_SanGong_SingleShotMagazine (0.00s)
=== RUN   TestAnalyze_MinimalShots
--- PASS: TestAnalyze_MinimalShots (0.00s)
=== RUN   TestAnalyze_ZeroShots_Fallback
--- PASS: TestAnalyze_ZeroShots_Fallback (0.00s)
=== RUN   TestAnalyze_LargeShots_Million
    magazine_analysis_test.go:112: 闀挎椂闂存祴璇曡烦杩囷紝鐢ㄤ簬鍘嬪姏娴嬭瘯
--- SKIP: TestAnalyze_LargeShots_Million (0.00s)
=== RUN   TestAnalyze_CapacityVsJamRate_NegativeCorrelation
    magazine_analysis_test.go:155: 鍗″脊鐜? 璇歌憶寮?10鍙?=0.002240, 鑷傚紶寮?1鍙?=0.001940, 涓夊紦寮?1鍙?=0.002020
--- PASS: TestAnalyze_CapacityVsJamRate_NegativeCorrelation (0.00s)
=== RUN   TestAnalyze_FatigueFactorAmplification
    magazine_analysis_test.go:179: 楂樼柌鍔?10000鍙?: 鍗″脊鐜?0.000100, 浣庣柌鍔?2500鍙?: 鍗″脊鐜?0.000010
    magazine_analysis_test.go:184: 鍗″脊鐜囧樊(楂樼柌鍔?浣庣柌鍔?: 0.000090
--- PASS: TestAnalyze_FatigueFactorAmplification (0.00s)
=== RUN   TestWeibullCDF_MathProperties
    magazine_analysis_test.go:203: W(2.5,5000) CDF(位)=0.6321, CDF(3位)=1.0000, CDF(10位)=1.0000
--- PASS: TestWeibullCDF_MathProperties (0.00s)
=== RUN   TestWeibullQuantile_InverseOfCDF
    magazine_analysis_test.go:219: p=0.10 鈫?q=2033 鈫?CDF(q)=0.1000 (diff=0.000000)
    magazine_analysis_test.go:219: p=0.25 鈫?q=3038 鈫?CDF(q)=0.2500 (diff=0.000000)
    magazine_analysis_test.go:219: p=0.50 鈫?q=4318 鈫?CDF(q)=0.5000 (diff=0.000000)
    magazine_analysis_test.go:219: p=0.75 鈫?q=5698 鈫?CDF(q)=0.7500 (diff=0.000000)
    magazine_analysis_test.go:219: p=0.90 鈫?q=6980 鈫?CDF(q)=0.9000 (diff=0.000000)
    magazine_analysis_test.go:219: p=0.99 鈫?q=9210 鈫?CDF(q)=0.9900 (diff=0.000000)
--- PASS: TestWeibullQuantile_InverseOfCDF (0.00s)
=== RUN   TestWeibullQuantile_Boundaries
--- PASS: TestWeibullQuantile_Boundaries (0.00s)
=== RUN   TestBuildFMEAMatrix_AllRPNCorrect
--- PASS: TestBuildFMEAMatrix_AllRPNCorrect (0.00s)
=== RUN   TestFMEAMatrix_MagazineDamageHighestSeverity
    magazine_analysis_test.go:279: FMEA鏈€楂樹弗閲嶅害: MagazineDamage = 9
--- PASS: TestFMEAMatrix_MagazineDamageHighestSeverity (0.00s)
=== RUN   TestFMEAMatrix_MisfeedHighestOccurrence
    magazine_analysis_test.go:297: FMEA鏈€楂樺彂鐢熷害: Misfeed = 6
--- PASS: TestFMEAMatrix_MisfeedHighestOccurrence (0.00s)
=== RUN   TestBuildParamsFromVariant_CapacityMatch
=== RUN   TestBuildParamsFromVariant_CapacityMatch/zhuge
    magazine_analysis_test.go:324: 寮╁瀷 zhuge: 寮瑰=10, 鍩哄噯鍗″脊鐜?1/3500
=== RUN   TestBuildParamsFromVariant_CapacityMatch/bi-zhang
    magazine_analysis_test.go:324: 寮╁瀷 bi-zhang: 寮瑰=1, 鍩哄噯鍗″脊鐜?1/5000
=== RUN   TestBuildParamsFromVariant_CapacityMatch/san-gong
    magazine_analysis_test.go:324: 寮╁瀷 san-gong: 寮瑰=1, 鍩哄噯鍗″脊鐜?1/5000
--- PASS: TestBuildParamsFromVariant_CapacityMatch (0.00s)
    --- PASS: TestBuildParamsFromVariant_CapacityMatch/zhuge (0.00s)
    --- PASS: TestBuildParamsFromVariant_CapacityMatch/bi-zhang (0.00s)
    --- PASS: TestBuildParamsFromVariant_CapacityMatch/san-gong (0.00s)
=== RUN   TestReliabilityCurve_ExponentialDecay
    magazine_analysis_test.go:342: R(min)=0.9704 @ n=38, R(max)=0.0498 @ n=3750
    magazine_analysis_test.go:350: n鈮圡TBF鏃? n=1162, R=0.3946 (expected鈮?.3679, diff=0.0267)
--- PASS: TestReliabilityCurve_ExponentialDecay (0.00s)
=== RUN   TestAnalyze_ConfidenceIntervalCoverage
    magazine_analysis_test.go:372: 缁熻瑕嗙洊鐜囨祴璇曪紝鑰楁椂闀匡紝鍙€夋嫨鎬ц繍琛?--- SKIP: TestAnalyze_ConfidenceIntervalCoverage (0.00s)
=== RUN   TestAnalyze_FailureModeSumEqualsJamRate
    magazine_analysis_test.go:403: 鍚勬ā寮忔鐜囧拰: 0.004520, 鎬诲崱寮规鐜? 0.004520, 宸€? 0.000000
--- PASS: TestAnalyze_FailureModeSumEqualsJamRate (0.00s)
=== RUN   TestNewAnalyzer_DefaultValues
    magazine_analysis_test.go:420: 榛樿鍙傛暟: BaseJamRate鈮?.000200, Capacity浠?0鎺ㄦ柇
--- PASS: TestNewAnalyzer_DefaultValues (0.00s)
PASS
ok  	crossbow-simulation/backend/internal/reliability	1.531s
=== RUN   TestNewSession_ZhugeVariant
    manager_test.go:38: 浼氳瘽ID: 19b8deee-1cb6-4d13-be85-dc3b52635667, 鍒濆寮瑰: 10
--- PASS: TestNewSession_ZhugeVariant (0.00s)
=== RUN   TestNewSession_SanGongVariant
--- PASS: TestNewSession_SanGongVariant (0.00s)
=== RUN   TestNewSession_InvalidVariant_Fallback
--- PASS: TestNewSession_InvalidVariant_Fallback (0.00s)
=== RUN   TestGetSession_Exists
--- PASS: TestGetSession_Exists (0.00s)
=== RUN   TestGetSession_NotExists
--- PASS: TestGetSession_NotExists (0.00s)
=== RUN   TestResetSession_ToInitialState
    manager_test.go:90: 閲嶇疆鍓? 鍙戝皠1, 鐤插姵0.0007, 寮瑰9
--- PASS: TestResetSession_ToInitialState (0.00s)
=== RUN   TestResetSession_NotExists
--- PASS: TestResetSession_NotExists (0.00s)
=== RUN   TestNewSession_ConcurrentSafety
--- PASS: TestNewSession_ConcurrentSafety (0.00s)
=== RUN   TestShoot_SingleShot_FirstFire
    manager_test.go:156: 棣栧彂鎴愬姛: 鍓╀綑寮?9, 鑰楁椂5.71s, RPM=10.5, 鐤插姵=0.000667
--- PASS: TestShoot_SingleShot_FirstFire (0.00s)
=== RUN   TestShoot_SanGong_ReloadRequired
    manager_test.go:182: 
        	Error Trace:	D:/SOLO-2/AI_solo_coder_task_B_143/backend/internal/virtual_shoot/manager_test.go:182
        	Error:      	Should be true
        	Test:       	TestShoot_SanGong_ReloadRequired
    manager_test.go:183: 涓夊紦寮╃浜屽彂: fired=false recovered=false msg=姝﹀櫒鍐峰嵈涓紝璇风瓑寰呭彂灏勯棿闅?elapsed=40.00s
    manager_test.go:189: 鎬诲彂灏? 1, 瑁呭脊娆℃暟: 0
    manager_test.go:190: 
        	Error Trace:	D:/SOLO-2/AI_solo_coder_task_B_143/backend/internal/virtual_shoot/manager_test.go:190
        	Error:      	"0" is not greater than or equal to "1"
        	Test:       	TestShoot_SanGong_ReloadRequired
        	Messages:   	寮瑰1锛屾墦绗?鍙戞椂搴旇Е鍙?娆¤寮?--- FAIL: TestShoot_SanGong_ReloadRequired (1.10s)
=== RUN   TestShoot_Zhuge_FullMagazine_Reload
    manager_test.go:207: 绗?杞產uto: fired=true jammed=false ammo=0 shots=10 reloads=0 msg=
    manager_test.go:222: 绗?杞產uto: fired=false jammed=false ammo=0 shots=10 reloads=0 msg=姝﹀櫒鍐峰嵈涓紝璇风瓑寰呭彂灏勯棿闅?    manager_test.go:228: 
        	Error Trace:	D:/SOLO-2/AI_solo_coder_task_B_143/backend/internal/virtual_shoot/manager_test.go:228
        	Error:      	"10" is not greater than or equal to "11"
        	Test:       	TestShoot_Zhuge_FullMagazine_Reload
        	Messages:   	涓よ疆auto搴旇嚦灏戝彂灏?1鍙戯紙瓒呰繃1鍖ｅ閲忥級
    manager_test.go:230: 
        	Error Trace:	D:/SOLO-2/AI_solo_coder_task_B_143/backend/internal/virtual_shoot/manager_test.go:230
        	Error:      	"0" is not greater than or equal to "1"
        	Test:       	TestShoot_Zhuge_FullMagazine_Reload
        	Messages:   	瓒呰繃10鍙戝簲鑷冲皯瑁呭脊1娆?--- FAIL: TestShoot_Zhuge_FullMagazine_Reload (1.11s)
=== RUN   TestShoot_BurstMode_ThreeShots
    manager_test.go:252: burst妯″紡: 鍙戝皠3鍙? 鍓╀綑寮?, 鑰楁椂17.14s
--- PASS: TestShoot_BurstMode_ThreeShots (0.00s)
=== RUN   TestShoot_AutoMode_EmptyMagazine
    manager_test.go:270: auto妯″紡: 鍙戝皠10鍙? 鍓╀綑寮?0, 瑁呭脊=0, 鍗″脊=0
--- PASS: TestShoot_AutoMode_EmptyMagazine (0.00s)
=== RUN   TestShoot_CoolingEnforcement
    manager_test.go:288: 璇歌憶寮╃悊鎯冲皠閫?10.5 鍙?鍒?鈫?鏈€灏忓彂灏勯棿闅?5.71 绉?    manager_test.go:303: 鍐峰嵈鎷︽埅鎴愬姛: isCooling=true, msg=姝﹀櫒鍐峰嵈涓紝璇风瓑寰呭彂灏勯棿闅?--- PASS: TestShoot_CoolingEnforcement (0.00s)
=== RUN   TestShoot_MissingSessionId
--- PASS: TestShoot_MissingSessionId (0.00s)
=== RUN   TestShoot_AutoCreateSession
    manager_test.go:329: 鑷姩鍒涘缓浼氳瘽鎴愬姛: ID=5cfd89f1-d586-468e-aace-5c5f8138bc2e, 鍙戝皠=true
--- PASS: TestShoot_AutoCreateSession (0.00s)
=== RUN   TestShoot_Zhuge_IdealFireRateMet
    manager_test.go:360: 鐞嗚灏勯€? 10.5 鍙?鍒? 瀹為檯灏勯€? 10.5 鍙?鍒?(100.0%)
--- PASS: TestShoot_Zhuge_IdealFireRateMet (0.00s)
=== RUN   TestShoot_FatigueIncreasesWithShots
    manager_test.go:384: 棣栨灏勫嚮鐤插姵: 0.002000, 60鍙戝悗鐤插姵: 0.002000
--- PASS: TestShoot_FatigueIncreasesWithShots (0.00s)
=== RUN   TestShoot_HighFatigue_JamRateIncrease
    manager_test.go:427: 鏂板缉(鐤插姵鈮?): 绱鍗″脊 0 娆? 楂樼柌鍔冲缉(0.9): 绱鍗″脊 2 娆?    manager_test.go:435: 楂樼柌鍔?鏂板缉鍗″脊姣? 2.0
--- PASS: TestShoot_HighFatigue_JamRateIncrease (0.01s)
=== RUN   TestShoot_HistoryShotsRecorded
--- PASS: TestShoot_HistoryShotsRecorded (0.00s)
=== RUN   TestCloneSession_DeepCopy
--- PASS: TestCloneSession_DeepCopy (0.00s)
=== RUN   TestCloneSession_NilSafe
--- PASS: TestCloneSession_NilSafe (0.00s)
=== RUN   TestShoot_ConcurrentSameSession
    manager_test.go:511: 骞跺彂100鍙戝悗: 瀹為檯鍙戝皠3, 鍗″脊0, 瑁呭脊0
--- PASS: TestShoot_ConcurrentSameSession (0.00s)
=== RUN   TestGetVariant_Exists
--- PASS: TestGetVariant_Exists (0.00s)
=== RUN   TestGetVariant_NotExists
--- PASS: TestGetVariant_NotExists (0.00s)
=== RUN   TestListActiveSessions_InitiallyEmpty
--- PASS: TestListActiveSessions_InitiallyEmpty (0.00s)
=== RUN   TestShoot_DefaultBurstCount
--- PASS: TestShoot_DefaultBurstCount (0.00s)
FAIL
FAIL	crossbow-simulation/backend/internal/virtual_shoot	4.390s
=== RUN   TestNewComparator
--- PASS: TestNewComparator (0.00s)
=== RUN   TestGetAll
--- PASS: TestGetAll (0.00s)
=== RUN   TestGetByCode
--- PASS: TestGetByCode (0.00s)
=== RUN   TestGetPerformanceMetric
--- PASS: TestGetPerformanceMetric (0.00s)
=== RUN   TestIsHigherBetter
--- PASS: TestIsHigherBetter (0.00s)
=== RUN   TestCompareNormalCase
--- PASS: TestCompareNormalCase (0.00s)
=== RUN   TestCompareInvalidCodeIgnored
--- PASS: TestCompareInvalidCodeIgnored (0.00s)
=== RUN   TestCompareEmptyCodes
--- PASS: TestCompareEmptyCodes (0.00s)
=== RUN   TestCompareAllInvalid
--- PASS: TestCompareAllInvalid (0.00s)
=== RUN   TestFireRateAssertion
--- PASS: TestFireRateAssertion (0.00s)
PASS
ok  	crossbow-simulation/backend/internal/mechanism_comparator	1.765s
=== RUN   TestNewComparator
--- PASS: TestNewComparator (0.00s)
=== RUN   TestListAncient
--- PASS: TestListAncient (0.00s)
=== RUN   TestListModern
--- PASS: TestListModern (0.00s)
=== RUN   TestCompareNormalCase
--- PASS: TestCompareNormalCase (0.00s)
=== RUN   TestCompareDefaultOptions
--- PASS: TestCompareDefaultOptions (0.00s)
=== RUN   TestCompareInvalidCodes
--- PASS: TestCompareInvalidCodes (0.00s)
=== RUN   TestTechProgressAssertionFireRateGaps
--- PASS: TestTechProgressAssertionFireRateGaps (0.00s)
=== RUN   TestTechProgressAssertionBoundaryValues
--- PASS: TestTechProgressAssertionBoundaryValues (0.00s)
PASS
ok  	crossbow-simulation/backend/internal/era_comparator	1.691s
=== RUN   TestWeibullCDF
--- PASS: TestWeibullCDF (0.00s)
=== RUN   TestWeibullCDFMonotonicity
--- PASS: TestWeibullCDFMonotonicity (0.00s)
=== RUN   TestWeibullQuantileInverse
--- PASS: TestWeibullQuantileInverse (0.00s)
=== RUN   TestWeibullQuantileBoundary
--- PASS: TestWeibullQuantileBoundary (0.00s)
=== RUN   TestGetFrictionCoefficientDatabase
--- PASS: TestGetFrictionCoefficientDatabase (0.00s)
=== RUN   TestLookupFriction
--- PASS: TestLookupFriction (0.00s)
=== RUN   TestBuildFMEAMatrix
--- PASS: TestBuildFMEAMatrix (0.00s)
=== RUN   TestBuildParamsFromVariant
--- PASS: TestBuildParamsFromVariant (0.00s)
=== RUN   TestAnalyzeDeterministic
--- PASS: TestAnalyzeDeterministic (0.00s)
=== RUN   TestAnalyzeWeibullShapeAndScale
--- PASS: TestAnalyzeWeibullShapeAndScale (0.00s)
=== RUN   TestAnalyzeReliabilityCurveMonotone
--- PASS: TestAnalyzeReliabilityCurveMonotone (0.00s)
=== RUN   TestGenerateReport
--- PASS: TestGenerateReport (0.00s)
=== RUN   TestAnalyzeConcurrent
--- PASS: TestAnalyzeConcurrent (0.00s)
PASS
ok  	crossbow-simulation/backend/internal/feed_reliability_analyzer	1.486s
=== RUN   TestNewEngineDefaults
--- PASS: TestNewEngineDefaults (0.00s)
=== RUN   TestDefaultEngineSingleton
--- PASS: TestDefaultEngineSingleton (0.00s)
=== RUN   TestComputeDynamicsPhysicsConsistency
--- PASS: TestComputeDynamicsPhysicsConsistency (0.00s)
=== RUN   TestComputeDynamicsWithZeroDefaults
--- PASS: TestComputeDynamicsWithZeroDefaults (0.00s)
=== RUN   TestSubmitSyncReturnsResult
--- PASS: TestSubmitSyncReturnsResult (0.00s)
=== RUN   TestSubmitAsyncWithDone
--- PASS: TestSubmitAsyncWithDone (0.00s)
=== RUN   TestConcurrentSubmitSync
--- PASS: TestConcurrentSubmitSync (0.00s)
=== RUN   TestQueueFullFallbackToSync
--- PASS: TestQueueFullFallbackToSync (0.11s)
=== RUN   TestStopEngineGracefully
--- PASS: TestStopEngineGracefully (0.03s)
=== RUN   TestKeyFrameOrdering
--- PASS: TestKeyFrameOrdering (0.00s)
=== RUN   TestStressHighConcurrency
    engine_test.go:296: Stress: 500/500 succeeded, stats={TasksTotal:500 TasksDone:500 TasksRejected:0 AvgLatencyMs:0 Workers:4}
--- PASS: TestStressHighConcurrency (0.00s)
PASS
ok  	crossbow-simulation/backend/internal/dynamics_engine	1.755s
=== RUN   TestNewSessionManager
--- PASS: TestNewSessionManager (0.00s)
=== RUN   TestNewSessionValidVariants
--- PASS: TestNewSessionValidVariants (0.00s)
=== RUN   TestNewSessionInvalidCodeFallback
--- PASS: TestNewSessionInvalidCodeFallback (0.00s)
=== RUN   TestGetSessionExists
--- PASS: TestGetSessionExists (0.00s)
=== RUN   TestListActive
--- PASS: TestListActive (0.00s)
=== RUN   TestResetSession
--- PASS: TestResetSession (0.00s)
=== RUN   TestShootSingleShotSuccess
--- PASS: TestShootSingleShotSuccess (0.00s)
=== RUN   TestShootTriggerFeedback
--- PASS: TestShootTriggerFeedback (0.00s)
=== RUN   TestShootDynamicsEngineFields
--- PASS: TestShootDynamicsEngineFields (0.00s)
=== RUN   TestShootBurstModeFiresMultiple
--- PASS: TestShootBurstModeFiresMultiple (0.00s)
=== RUN   TestShootAutoMode
--- PASS: TestShootAutoMode (0.00s)
=== RUN   TestShootIntervalCoolingEnforced
--- PASS: TestShootIntervalCoolingEnforced (0.00s)
=== RUN   TestShootAutoReloadWhenEmpty
    session_manager_test.go:258: note: 2nd auto: fired=false msg=姝﹀櫒鍐峰嵈涓紝璇风瓑寰呭彂灏勯棿闅?    session_manager_test.go:262: note: total shots=10, cap=10, reloads=0
    session_manager_test.go:265: after shooting 10 shots (cap=10) we should see reloads, reloadCount=0
--- FAIL: TestShootAutoReloadWhenEmpty (1.11s)
=== RUN   TestShootInvalidSessionAutoCreate
--- PASS: TestShootInvalidSessionAutoCreate (0.00s)
=== RUN   TestShootConcurrency
--- PASS: TestShootConcurrency (0.05s)
=== RUN   TestSimulateTriggerForceProfiles
--- PASS: TestSimulateTriggerForceProfiles (0.00s)
=== RUN   TestTriggerFatigueEffect
--- PASS: TestTriggerFatigueEffect (0.00s)
=== RUN   TestTriggerInsufficientTravel
--- PASS: TestTriggerInsufficientTravel (0.00s)
=== RUN   TestEngineStatsReported
--- PASS: TestEngineStatsReported (0.00s)
FAIL
FAIL	crossbow-simulation/backend/internal/vr_crossbow	2.874s
FAIL
